pyinstaller : 162 INFO: PyInstaller: 6.19.0, contrib hooks: 2026.2
At line:1 char:1
+ pyinstaller --noconfirm VideoDownloader.spec *> build_output.log; Wri ...
+ ~~~~~~~~~~~~~~~~~~~~~~~~~~~~~~~~~~~~~~~~~~~~~~~~~~~~~~~~~~~~~~~~
    + CategoryInfo          : NotSpecified: (162 INFO: PyIns...b hooks: 2026.2 
   :String) [], RemoteException
    + FullyQualifiedErrorId : NativeCommandError
 
162 INFO: Python: 3.14.2
193 INFO: Platform: Windows-11-10.0.26200-SP0
193 INFO: Python environment: 
C:\Users\WorkStation\AppData\Local\Programs\Python\Python314
196 INFO: Module search paths (PYTHONPATH):
['C:\\Users\\WorkStation\\AppData\\Local\\Programs\\Python\\Python314\\Scripts\
\pyinstaller.exe',
 'C:\\Users\\WorkStation\\AppData\\Local\\Programs\\Python\\Python314\\python31
4.zip',
 'C:\\Users\\WorkStation\\AppData\\Local\\Programs\\Python\\Python314\\DLLs',
 'C:\\Users\\WorkStation\\AppData\\Local\\Programs\\Python\\Python314\\Lib',
 'C:\\Users\\WorkStation\\AppData\\Local\\Programs\\Python\\Python314',
 'C:\\Users\\WorkStation\\AppData\\Local\\Programs\\Python\\Python314\\Lib\\sit
e-packages',
 'C:\\Users\\WorkStation\\Desktop\\video_dlownloader']
803 INFO: checking Analysis
804 INFO: Building Analysis because Analysis-00.toc is non existent
804 INFO: Looking for Python shared library...
804 INFO: Using Python shared library: 
C:\Users\WorkStation\AppData\Local\Programs\Python\Python314\python314.dll
804 INFO: Running Analysis Analysis-00.toc
804 INFO: Target bytecode optimization level: 0
804 INFO: Initializing module dependency graph...
805 INFO: Initializing module graph hook caches...
820 INFO: Analyzing modules for base_library.zip ...
2662 INFO: Processing standard module hook 'hook-encodings.py' from 'C:\\Users\
\WorkStation\\AppData\\Local\\Programs\\Python\\Python314\\Lib\\site-packages\\
PyInstaller\\hooks'
3267 INFO: Processing standard module hook 'hook-pickle.py' from 'C:\\Users\\Wo
rkStation\\AppData\\Local\\Programs\\Python\\Python314\\Lib\\site-packages\\PyI
nstaller\\hooks'
3730 INFO: Processing standard module hook 'hook-difflib.py' from 'C:\\Users\\W
orkStation\\AppData\\Local\\Programs\\Python\\Python314\\Lib\\site-packages\\Py
Installer\\hooks'
3745 INFO: Processing standard module hook 'hook-heapq.py' from 'C:\\Users\\Wor
kStation\\AppData\\Local\\Programs\\Python\\Python314\\Lib\\site-packages\\PyIn
staller\\hooks'
6882 INFO: Caching module dependency graph...
6914 INFO: Analyzing C:\Users\WorkStation\Desktop\video_dlownloader\app.py
6936 INFO: Processing pre-find-module-path hook 'hook-tkinter.py' from 'C:\\Use
rs\\WorkStation\\AppData\\Local\\Programs\\Python\\Python314\\Lib\\site-package
s\\PyInstaller\\hooks\\pre_find_module_path'
6938 INFO: TclTkInfo: initializing cached Tcl/Tk info...
7340 INFO: Processing standard module hook 'hook-_tkinter.py' from 'C:\\Users\\
WorkStation\\AppData\\Local\\Programs\\Python\\Python314\\Lib\\site-packages\\P
yInstaller\\hooks'
7350 INFO: Processing standard module hook 'hook-customtkinter.py' from 'C:\\Us
ers\\WorkStation\\AppData\\Local\\Programs\\Python\\Python314\\Lib\\site-packag
es\\_pyinstaller_hooks_contrib\\stdhooks'
7504 INFO: Processing standard module hook 'hook-platform.py' from 'C:\\Users\\
WorkStation\\AppData\\Local\\Programs\\Python\\Python314\\Lib\\site-packages\\P
yInstaller\\hooks'
7556 INFO: Processing standard module hook 'hook-sysconfig.py' from 'C:\\Users\
\WorkStation\\AppData\\Local\\Programs\\Python\\Python314\\Lib\\site-packages\\
PyInstaller\\hooks'
7566 INFO: Processing standard module hook 'hook-_ctypes.py' from 'C:\\Users\\W
orkStation\\AppData\\Local\\Programs\\Python\\Python314\\Lib\\site-packages\\Py
Installer\\hooks'
7573 INFO: Processing pre-safe-import-module hook 'hook-packaging.py' from 'C:\
\Users\\WorkStation\\AppData\\Local\\Programs\\Python\\Python314\\Lib\\site-pac
kages\\PyInstaller\\hooks\\pre_safe_import_module'
7574 INFO: SetuptoolsInfo: initializing cached setuptools info...
8173 INFO: Processing pre-safe-import-module hook 'hook-typing_extensions.py' 
from 'C:\\Users\\WorkStation\\AppData\\Local\\Programs\\Python\\Python314\\Lib\
\site-packages\\PyInstaller\\hooks\\pre_safe_import_module'
8627 INFO: Processing standard module hook 'hook-PIL.py' from 'C:\\Users\\WorkS
tation\\AppData\\Local\\Programs\\Python\\Python314\\Lib\\site-packages\\PyInst
aller\\hooks'
8780 INFO: Processing standard module hook 'hook-PIL.Image.py' from 'C:\\Users\
\WorkStation\\AppData\\Local\\Programs\\Python\\Python314\\Lib\\site-packages\\
PyInstaller\\hooks'
9148 INFO: Processing standard module hook 'hook-numpy.py' from 'C:\\Users\\Wor
kStation\\AppData\\Local\\Programs\\Python\\Python314\\Lib\\site-packages\\PyIn
staller\\hooks'
10069 INFO: Processing standard module hook 'hook-multiprocessing.util.py' 
from 'C:\\Users\\WorkStation\\AppData\\Local\\Programs\\Python\\Python314\\Lib\
\site-packages\\PyInstaller\\hooks'
10183 INFO: Processing standard module hook 'hook-xml.py' from 'C:\\Users\\Work
Station\\AppData\\Local\\Programs\\Python\\Python314\\Lib\\site-packages\\PyIns
taller\\hooks'
14657 INFO: Processing standard module hook 'hook-charset_normalizer.py' from '
C:\\Users\\WorkStation\\AppData\\Local\\Programs\\Python\\Python314\\Lib\\site-
packages\\_pyinstaller_hooks_contrib\\stdhooks'
15530 INFO: Processing standard module hook 'hook-xml.etree.cElementTree.py' 
from 'C:\\Users\\WorkStation\\AppData\\Local\\Programs\\Python\\Python314\\Lib\
\site-packages\\PyInstaller\\hooks'
15889 INFO: Processing standard module hook 'hook-PIL.ImageFilter.py' from 'C:\
\Users\\WorkStation\\AppData\\Local\\Programs\\Python\\Python314\\Lib\\site-pac
kages\\PyInstaller\\hooks'
17032 INFO: Processing standard module hook 'hook-yt_dlp.py' from 'C:\\Users\\W
orkStation\\AppData\\Local\\Programs\\Python\\Python314\\Lib\\site-packages\\yt
_dlp\\__pyinstaller'
162 WARNING: Failed to collect submodules for 'urllib3.contrib.emscripten' 
because importing 'urllib3.contrib.emscripten' raised: ModuleNotFoundError: No 
module named 'js'
17847 WARNING: collect_data_files - skipping data collection for module 
'curl_cffi' as it is not a package.
17847 WARNING: collect_data_files - skipping data collection for module 
'yt_dlp_ejs' as it is not a package.
18635 INFO: Processing standard module hook 'hook-certifi.py' from 'C:\\Users\\
WorkStation\\AppData\\Local\\Programs\\Python\\Python314\\Lib\\site-packages\\_
pyinstaller_hooks_contrib\\stdhooks'
18661 INFO: Processing standard module hook 'hook-sqlite3.py' from 'C:\\Users\\
WorkStation\\AppData\\Local\\Programs\\Python\\Python314\\Lib\\site-packages\\P
yInstaller\\hooks'
18989 INFO: Processing standard module hook 'hook-urllib3.py' from 'C:\\Users\\
WorkStation\\AppData\\Local\\Programs\\Python\\Python314\\Lib\\site-packages\\_
pyinstaller_hooks_contrib\\stdhooks'
19221 INFO: Processing pre-safe-import-module hook 'hook-backports.py' from 'C:
\\Users\\WorkStation\\AppData\\Local\\Programs\\Python\\Python314\\Lib\\site-pa
ckages\\PyInstaller\\hooks\\pre_safe_import_module'
19222 INFO: Setuptools: 'backports' appears to be a full setuptools-vendored 
copy - creating alias to 'setuptools._vendor.backports'!
19240 INFO: Processing standard module hook 'hook-setuptools.py' from 'C:\\User
s\\WorkStation\\AppData\\Local\\Programs\\Python\\Python314\\Lib\\site-packages
\\PyInstaller\\hooks'
19303 INFO: Processing pre-safe-import-module hook 'hook-distutils.py' from 'C:
\\Users\\WorkStation\\AppData\\Local\\Programs\\Python\\Python314\\Lib\\site-pa
ckages\\PyInstaller\\hooks\\pre_safe_import_module'
19412 INFO: Processing pre-safe-import-module hook 'hook-jaraco.py' from 'C:\\U
sers\\WorkStation\\AppData\\Local\\Programs\\Python\\Python314\\Lib\\site-packa
ges\\PyInstaller\\hooks\\pre_safe_import_module'
19413 INFO: Setuptools: 'jaraco' appears to be a full setuptools-vendored copy 
- creating alias to 'setuptools._vendor.jaraco'!
19438 INFO: Processing pre-safe-import-module hook 'hook-more_itertools.py' 
from 'C:\\Users\\WorkStation\\AppData\\Local\\Programs\\Python\\Python314\\Lib\
\site-packages\\PyInstaller\\hooks\\pre_safe_import_module'
19439 INFO: Setuptools: 'more_itertools' appears to be a setuptools-vendored 
copy - creating alias to 'setuptools._vendor.more_itertools'!
20259 INFO: Processing standard module hook 
'hook-setuptools._vendor.jaraco.text.py' from 'C:\\Users\\WorkStation\\AppData\
\Local\\Programs\\Python\\Python314\\Lib\\site-packages\\PyInstaller\\hooks'
20262 INFO: Processing pre-safe-import-module hook 
'hook-importlib_resources.py' from 'C:\\Users\\WorkStation\\AppData\\Local\\Pro
grams\\Python\\Python314\\Lib\\site-packages\\PyInstaller\\hooks\\pre_safe_impo
rt_module'
20643 INFO: Processing pre-safe-import-module hook 
'hook-importlib_metadata.py' from 'C:\\Users\\WorkStation\\AppData\\Local\\Prog
rams\\Python\\Python314\\Lib\\site-packages\\PyInstaller\\hooks\\pre_safe_impor
t_module'
20644 INFO: Setuptools: 'importlib_metadata' appears to be a 
setuptools-vendored copy - creating alias to 
'setuptools._vendor.importlib_metadata'!
20697 INFO: Processing standard module hook 
'hook-setuptools._vendor.importlib_metadata.py' from 'C:\\Users\\WorkStation\\A
ppData\\Local\\Programs\\Python\\Python314\\Lib\\site-packages\\PyInstaller\\ho
oks'
20825 INFO: Processing pre-safe-import-module hook 'hook-zipp.py' from 'C:\\Use
rs\\WorkStation\\AppData\\Local\\Programs\\Python\\Python314\\Lib\\site-package
s\\PyInstaller\\hooks\\pre_safe_import_module'
20826 INFO: Setuptools: 'zipp' appears to be a setuptools-vendored copy - 
creating alias to 'setuptools._vendor.zipp'!
21464 INFO: Processing pre-safe-import-module hook 'hook-tomli.py' from 'C:\\Us
ers\\WorkStation\\AppData\\Local\\Programs\\Python\\Python314\\Lib\\site-packag
es\\PyInstaller\\hooks\\pre_safe_import_module'
21465 INFO: Setuptools: 'tomli' appears to be a setuptools-vendored copy - 
creating alias to 'setuptools._vendor.tomli'!
22595 INFO: Processing pre-safe-import-module hook 'hook-wheel.py' from 'C:\\Us
ers\\WorkStation\\AppData\\Local\\Programs\\Python\\Python314\\Lib\\site-packag
es\\PyInstaller\\hooks\\pre_safe_import_module'
22595 INFO: Setuptools: 'wheel' appears to be a setuptools-vendored copy - 
creating alias to 'setuptools._vendor.wheel'!
48362 INFO: Processing module hooks (post-graph stage)...
48476 WARNING: Hidden import "charset_normalizer.md__mypyc" not found!
49277 INFO: Processing standard module hook 'hook-PIL.SpiderImagePlugin.py' 
from 'C:\\Users\\WorkStation\\AppData\\Local\\Programs\\Python\\Python314\\Lib\
\site-packages\\PyInstaller\\hooks'
50453 INFO: Processing standard module hook 'hook-_tkinter.py' from 'C:\\Users\
\WorkStation\\AppData\\Local\\Programs\\Python\\Python314\\Lib\\site-packages\\
PyInstaller\\hooks'
50473 INFO: Performing binary vs. data reclassification (948 entries)
57307 INFO: Looking for ctypes DLLs
57323 WARNING: Ignoring AppKit.framework/AppKit imported from C:\Users\WorkStat
ion\AppData\Local\Programs\Python\Python314\Lib\site-packages\darkdetect\_mac_d
etect.py - only basenames are supported with ctypes imports!
57564 INFO: Analyzing run-time hooks ...
57571 INFO: Including run-time hook 'pyi_rth_inspect.py' from 'C:\\Users\\WorkS
tation\\AppData\\Local\\Programs\\Python\\Python314\\Lib\\site-packages\\PyInst
aller\\hooks\\rthooks'
57585 INFO: Including run-time hook 'pyi_rth_setuptools.py' from 'C:\\Users\\Wo
rkStation\\AppData\\Local\\Programs\\Python\\Python314\\Lib\\site-packages\\PyI
nstaller\\hooks\\rthooks'
57595 INFO: Including run-time hook 'pyi_rth_pkgutil.py' from 'C:\\Users\\WorkS
tation\\AppData\\Local\\Programs\\Python\\Python314\\Lib\\site-packages\\PyInst
aller\\hooks\\rthooks'
57607 INFO: Including run-time hook 'pyi_rth_multiprocessing.py' from 'C:\\User
s\\WorkStation\\AppData\\Local\\Programs\\Python\\Python314\\Lib\\site-packages
\\PyInstaller\\hooks\\rthooks'
57620 INFO: Including run-time hook 'pyi_rth__tkinter.py' from 'C:\\Users\\Work
Station\\AppData\\Local\\Programs\\Python\\Python314\\Lib\\site-packages\\PyIns
taller\\hooks\\rthooks'
57672 INFO: Creating base_library.zip...
57695 INFO: Looking for dynamic libraries
58936 INFO: Extra DLL search directories (AddDllDirectory): ['C:\\Users\\WorkSt
ation\\AppData\\Local\\Programs\\Python\\Python314\\Lib\\site-packages\\numpy.l
ibs']
58937 INFO: Extra DLL search directories (PATH): []
59837 INFO: Warnings written to C:\Users\WorkStation\Desktop\video_dlownloader\
build\VideoDownloader\warn-VideoDownloader.txt
59973 INFO: Graph cross-reference written to C:\Users\WorkStation\Desktop\video
_dlownloader\build\VideoDownloader\xref-VideoDownloader.html
60096 INFO: checking PYZ
60096 INFO: Building PYZ because PYZ-00.toc is non existent
60096 INFO: Building PYZ (ZlibArchive) 
C:\Users\WorkStation\Desktop\video_dlownloader\build\VideoDownloader\PYZ-00.pyz
61004 INFO: Building PYZ (ZlibArchive) C:\Users\WorkStation\Desktop\video_dlown
loader\build\VideoDownloader\PYZ-00.pyz completed successfully.
61078 INFO: checking PKG
61079 INFO: Building PKG because PKG-00.toc is non existent
61079 INFO: Building PKG (CArchive) VideoDownloader.pkg
61136 INFO: Building PKG (CArchive) VideoDownloader.pkg completed successfully.
61137 INFO: Bootloader C:\Users\WorkStation\AppData\Local\Programs\Python\Pytho
n314\Lib\site-packages\PyInstaller\bootloader\Windows-64bit-intel\runw.exe
61137 INFO: checking EXE
61137 INFO: Building EXE because EXE-00.toc is non existent
61137 INFO: Building EXE from EXE-00.toc
61138 INFO: Copying bootloader EXE to C:\Users\WorkStation\Desktop\video_dlownl
oader\build\VideoDownloader\VideoDownloader.exe
61235 INFO: Copying icon to EXE
61327 INFO: Copying 0 resources to EXE
61327 INFO: Embedding manifest in EXE
61410 INFO: Appending PKG archive to EXE
61559 INFO: Fixing EXE headers
63084 INFO: Building EXE from EXE-00.toc completed successfully.
63092 INFO: checking COLLECT
63092 INFO: Building COLLECT because COLLECT-00.toc is non existent
63093 INFO: Building COLLECT COLLECT-00.toc
65552 INFO: Building COLLECT COLLECT-00.toc completed successfully.
65585 INFO: Build complete! The results are available in: 
C:\Users\WorkStation\Desktop\video_dlownloader\dist
Adding imports: ['yt_dlp.compat._legacy', 'yt_dlp.compat._deprecated', 'yt_dlp.utils._legacy', 'yt_dlp.utils._deprecated', 'Cryptodome', 'requests', 'requests.__version__', 'requests._internal_utils', 'requests.adapters', 'requests.api', 'requests.auth', 'requests.certs', 'requests.compat', 'requests.cookies', 'requests.exceptions', 'requests.help', 'requests.hooks', 'requests.models', 'requests.packages', 'requests.sessions', 'requests.status_codes', 'requests.structures', 'requests.utils', 'urllib3', 'urllib3._base_connection', 'urllib3._collections', 'urllib3._request_methods', 'urllib3._version', 'urllib3.connection', 'urllib3.connectionpool', 'urllib3.contrib', 'urllib3.contrib.pyopenssl', 'urllib3.contrib.socks', 'urllib3.exceptions', 'urllib3.fields', 'urllib3.filepost', 'urllib3.http2', 'urllib3.http2.connection', 'urllib3.http2.probe', 'urllib3.poolmanager', 'urllib3.response', 'urllib3.util', 'urllib3.util.connection', 'urllib3.util.proxy', 'urllib3.util.request', 'urllib3.util.response', 'urllib3.util.retry', 'urllib3.util.ssl_', 'urllib3.util.ssl_match_hostname', 'urllib3.util.ssltransport', 'urllib3.util.timeout', 'urllib3.util.url', 'urllib3.util.util', 'urllib3.util.wait', 'mutagen', 'brotli', 'certifi', 'secretstorage', 'curl_cffi']
